------------------------------------------------------------
TimeQuest Timing Analyzer Summary
------------------------------------------------------------

Type  : Slow Model Setup 'CLOCK_50'
Slack : -2.899
TNS   : -55.926

Type  : Slow Model Setup 'p1|altpll_component|pll|clk[0]'
Slack : 36.344
TNS   : 0.000

Type  : Slow Model Hold 'CLOCK_50'
Slack : 0.391
TNS   : 0.000

Type  : Slow Model Hold 'p1|altpll_component|pll|clk[0]'
Slack : 0.391
TNS   : 0.000

Type  : Slow Model Recovery 'p1|altpll_component|pll|clk[0]'
Slack : -4.595
TNS   : -95.506

Type  : Slow Model Removal 'p1|altpll_component|pll|clk[0]'
Slack : 3.878
TNS   : 0.000

Type  : Slow Model Minimum Pulse Width 'CLOCK_50'
Slack : -1.380
TNS   : -22.380

Type  : Slow Model Minimum Pulse Width 'CLOCK_27'
Slack : 18.518
TNS   : 0.000

Type  : Slow Model Minimum Pulse Width 'p1|altpll_component|pll|clk[0]'
Slack : 18.841
TNS   : 0.000

Type  : Fast Model Setup 'CLOCK_50'
Slack : -0.853
TNS   : -15.614

Type  : Fast Model Setup 'p1|altpll_component|pll|clk[0]'
Slack : 38.144
TNS   : 0.000

Type  : Fast Model Hold 'CLOCK_50'
Slack : 0.215
TNS   : 0.000

Type  : Fast Model Hold 'p1|altpll_component|pll|clk[0]'
Slack : 0.215
TNS   : 0.000

Type  : Fast Model Recovery 'p1|altpll_component|pll|clk[0]'
Slack : -2.751
TNS   : -57.998

Type  : Fast Model Removal 'p1|altpll_component|pll|clk[0]'
Slack : 2.417
TNS   : 0.000

Type  : Fast Model Minimum Pulse Width 'CLOCK_50'
Slack : -1.380
TNS   : -22.380

Type  : Fast Model Minimum Pulse Width 'CLOCK_27'
Slack : 18.518
TNS   : 0.000

Type  : Fast Model Minimum Pulse Width 'p1|altpll_component|pll|clk[0]'
Slack : 18.841
TNS   : 0.000

------------------------------------------------------------
